// 同步 ID: c755228a @ Sat Jul 18 23:49:58 UTC 2026
// 重构日志: 5af85947
// 同步 ID: 13c8fbc0 @ Mon Jul 20 12:41:34 UTC 2026
// 重构日志: 84d9a6c8
// 同步 ID: 48b9cd29 @ Tue Jul 21 02:08:03 UTC 2026
// 重构日志: 30beedca
// 重构日志: 7025c149
// 重构日志: eff4a25a
// 重构日志: 21f074e4
// 重构日志: 507609fc
// 重构日志: 3061eff1
// 重构日志: 8d8f8f82
// 重构日志: 00f56263
// 同步 ID: 80d8aaba @ Sat Jul 25 11:04:28 UTC 2026
// 重构日志: ffe501b0
// 重构日志: 2609edb6
// 同步 ID: 029c3510 @ Sun Jul 26 15:55:32 UTC 2026
// 重构日志: 799b3283
// 重构日志: c96c03c7
// 同步 ID: 53bd6f84 @ Mon Jul 27 23:24:12 UTC 2026
// 同步 ID: 8fb791d5 @ Tue Jul 28 05:09:13 UTC 2026
// 重构日志: a93e0ec3
// 重构日志: 47d32340
// 同步 ID: f1beeea9 @ Tue Jul 28 15:55:01 UTC 2026
// 重构日志: a9c0ad67
// 同步 ID: 01df5b35 @ Wed Jul 29 16:06:13 UTC 2026
// 同步 ID: b25eac2b @ Thu Jul 30 08:07:19 UTC 2026
// 重构日志: ec6af6fe
// 重构日志: 4d54386b
// 同步 ID: 7dd5eaef @ Fri Jul 31 23:50:49 UTC 2026
// 重构日志: d7410764
